mlm@mlm-OptiPlex-3020:~$ wget -qO - https://www.mongodb.org/static/pgp/server-6.0.asc | sudo apt-key add -
[sudo] password for mlm: 
Warning: apt-key is deprecated. Manage keyring files in trusted.gpg.d instead (see apt-key(8)).
OK
mlm@mlm-OptiPlex-3020:~$ echo "deb [ arch=amd64,arm64 ] https://repo.mongodb.org/apt/ubuntu $(lsb_release -sc)/mongodb-org/6.0 multiverse" | sudo tee /etc/apt/sources.list.d/mongodb-org-6.0.list
deb [ arch=amd64,arm64 ] https://repo.mongodb.org/apt/ubuntu jammy/mongodb-org/6.0 multiverse
mlm@mlm-OptiPlex-3020:~$ sudo apt update
Hit:1 http://in.archive.ubuntu.com/ubuntu jammy InRelease
Get:2 http://security.ubuntu.com/ubuntu jammy-security InRelease [129 kB]
Get:3 http://in.archive.ubuntu.com/ubuntu jammy-updates InRelease [128 kB]     
Get:4 https://repo.mongodb.org/apt/ubuntu jammy/mongodb-org/6.0 InRelease [4,009 B]
Get:5 http://security.ubuntu.com/ubuntu jammy-security/main amd64 Packages [2,222 kB]
Get:6 http://in.archive.ubuntu.com/ubuntu jammy-backports InRelease [127 kB]   
Get:7 https://repo.mongodb.org/apt/ubuntu jammy/mongodb-org/6.0/multiverse amd64 Packages [89.5 kB]
Get:8 http://in.archive.ubuntu.com/ubuntu jammy-updates/main amd64 Packages [2,465 kB]
Get:9 https://repo.mongodb.org/apt/ubuntu jammy/mongodb-org/6.0/multiverse arm64 Packages [86.1 kB]
Get:10 http://security.ubuntu.com/ubuntu jammy-security/main i386 Packages [615 kB]
Get:11 http://security.ubuntu.com/ubuntu jammy-security/main Translation-en [342 kB]
Get:12 http://in.archive.ubuntu.com/ubuntu jammy-updates/main i386 Packages [784 kB]
Get:13 http://security.ubuntu.com/ubuntu jammy-security/main amd64 DEP-11 Metadata [43.1 kB]
Get:14 http://in.archive.ubuntu.com/ubuntu jammy-updates/main Translation-en [404 kB]
Get:15 http://security.ubuntu.com/ubuntu jammy-security/main amd64 c-n-f Metadata [13.6 kB]
Get:16 http://in.archive.ubuntu.com/ubuntu jammy-updates/main amd64 DEP-11 Metadata [103 kB]
Get:17 http://security.ubuntu.com/ubuntu jammy-security/restricted i386 Packages [40.1 kB]
Get:18 http://in.archive.ubuntu.com/ubuntu jammy-updates/main amd64 c-n-f Metadata [18.5 kB]
Get:19 http://security.ubuntu.com/ubuntu jammy-security/restricted amd64 Packages [3,145 kB]
Get:20 http://in.archive.ubuntu.com/ubuntu jammy-updates/restricted amd64 Packages [3,263 kB]
Get:21 http://security.ubuntu.com/ubuntu jammy-security/restricted Translation-en [558 kB]
Get:22 http://in.archive.ubuntu.com/ubuntu jammy-updates/restricted i386 Packages [41.9 kB]
Get:23 http://security.ubuntu.com/ubuntu jammy-security/restricted amd64 DEP-11 Metadata [208 B]
Get:24 http://in.archive.ubuntu.com/ubuntu jammy-updates/restricted Translation-en [579 kB]
Get:25 http://security.ubuntu.com/ubuntu jammy-security/restricted amd64 c-n-f Metadata [624 B]
Get:26 http://in.archive.ubuntu.com/ubuntu jammy-updates/restricted amd64 DEP-11 Metadata [212 B]
Get:27 http://security.ubuntu.com/ubuntu jammy-security/universe i386 Packages [657 kB]
Get:28 http://in.archive.ubuntu.com/ubuntu jammy-updates/restricted amd64 c-n-f Metadata [676 B]
Get:29 http://security.ubuntu.com/ubuntu jammy-security/universe amd64 Packages [972 kB]
Get:30 http://in.archive.ubuntu.com/ubuntu jammy-updates/universe amd64 Packages [1,198 kB]
Get:31 http://security.ubuntu.com/ubuntu jammy-security/universe Translation-en [209 kB]
Get:32 http://in.archive.ubuntu.com/ubuntu jammy-updates/universe i386 Packages [763 kB]
Get:33 http://security.ubuntu.com/ubuntu jammy-security/universe amd64 DEP-11 Metadata [125 kB]
Get:34 http://in.archive.ubuntu.com/ubuntu jammy-updates/universe Translation-en [295 kB]
Get:35 http://security.ubuntu.com/ubuntu jammy-security/universe amd64 c-n-f Metadata [21.7 kB]
Get:36 http://in.archive.ubuntu.com/ubuntu jammy-updates/universe amd64 DEP-11 Metadata [359 kB]
Get:37 http://security.ubuntu.com/ubuntu jammy-security/multiverse amd64 Packages [39.6 kB]
Get:38 http://in.archive.ubuntu.com/ubuntu jammy-updates/universe amd64 c-n-f Metadata [28.7 kB]
Get:39 http://security.ubuntu.com/ubuntu jammy-security/multiverse i386 Packages [1,720 B]
Get:40 http://in.archive.ubuntu.com/ubuntu jammy-updates/multiverse amd64 Packages [46.5 kB]
Get:41 http://security.ubuntu.com/ubuntu jammy-security/multiverse Translation-en [8,716 B]
Get:42 http://in.archive.ubuntu.com/ubuntu jammy-updates/multiverse i386 Packages [5,048 B]
Get:43 http://security.ubuntu.com/ubuntu jammy-security/multiverse amd64 DEP-11 Metadata [208 B]
Get:44 http://in.archive.ubuntu.com/ubuntu jammy-updates/multiverse Translation-en [11.8 kB]
Get:45 http://security.ubuntu.com/ubuntu jammy-security/multiverse amd64 c-n-f Metadata [368 B]
Get:46 http://in.archive.ubuntu.com/ubuntu jammy-updates/multiverse amd64 DEP-11 Metadata [940 B]
Get:47 http://in.archive.ubuntu.com/ubuntu jammy-updates/multiverse amd64 c-n-f Metadata [592 B]
Get:48 http://in.archive.ubuntu.com/ubuntu jammy-backports/main i386 Packages [60.5 kB]
Get:49 http://in.archive.ubuntu.com/ubuntu jammy-backports/main amd64 Packages [68.4 kB]
Get:50 http://in.archive.ubuntu.com/ubuntu jammy-backports/main Translation-en [11.1 kB]
Get:51 http://in.archive.ubuntu.com/ubuntu jammy-backports/main amd64 DEP-11 Metadata [7,080 B]
Get:52 http://in.archive.ubuntu.com/ubuntu jammy-backports/main DEP-11 48x48 Icons [9,518 B]
Get:53 http://in.archive.ubuntu.com/ubuntu jammy-backports/main DEP-11 64x64 Icons [11.2 kB]
Get:54 http://in.archive.ubuntu.com/ubuntu jammy-backports/main amd64 c-n-f Metadata [392 B]
Get:55 http://in.archive.ubuntu.com/ubuntu jammy-backports/restricted amd64 DEP-11 Metadata [216 B]
Get:56 http://in.archive.ubuntu.com/ubuntu jammy-backports/universe i386 Packages [18.5 kB]
Get:57 http://in.archive.ubuntu.com/ubuntu jammy-backports/universe amd64 Packages [30.0 kB]
Get:58 http://in.archive.ubuntu.com/ubuntu jammy-backports/universe Translation-en [16.6 kB]
Get:59 http://in.archive.ubuntu.com/ubuntu jammy-backports/universe amd64 DEP-11 Metadata [22.9 kB]
Get:60 http://in.archive.ubuntu.com/ubuntu jammy-backports/universe DEP-11 48x48 Icons [20.7 kB]
Get:61 http://in.archive.ubuntu.com/ubuntu jammy-backports/universe DEP-11 64x64 Icons [29.3 kB]
Get:62 http://in.archive.ubuntu.com/ubuntu jammy-backports/universe amd64 c-n-f Metadata [672 B]
Get:63 http://in.archive.ubuntu.com/ubuntu jammy-backports/multiverse amd64 DEP-11 Metadata [212 B]
Fetched 20.3 MB in 8s (2,676 kB/s)                                             
Reading package lists... Done
Building dependency tree... Done
Reading state information... Done
297 packages can be upgraded. Run 'apt list --upgradable' to see them.
W: https://repo.mongodb.org/apt/ubuntu/dists/jammy/mongodb-org/6.0/InRelease: Key is stored in legacy trusted.gpg keyring (/etc/apt/trusted.gpg), see the DEPRECATION section in apt-key(8) for details.
mlm@mlm-OptiPlex-3020:~$ sudo apt install -y mongodb-org
Reading package lists... Done
Building dependency tree... Done
Reading state information... Done
The following additional packages will be installed:
  mongodb-database-tools mongodb-mongosh mongodb-org-database
  mongodb-org-database-tools-extra mongodb-org-mongos mongodb-org-server
  mongodb-org-shell mongodb-org-tools
The following NEW packages will be installed:
  mongodb-database-tools mongodb-mongosh mongodb-org mongodb-org-database
  mongodb-org-database-tools-extra mongodb-org-mongos mongodb-org-server
  mongodb-org-shell mongodb-org-tools
0 upgraded, 9 newly installed, 0 to remove and 297 not upgraded.
Need to get 168 MB of archives.
After this operation, 513 MB of additional disk space will be used.
Get:1 https://repo.mongodb.org/apt/ubuntu jammy/mongodb-org/6.0/multiverse amd64 mongodb-database-tools amd64 100.12.0 [58.8 MB]
Get:2 https://repo.mongodb.org/apt/ubuntu jammy/mongodb-org/6.0/multiverse amd64 mongodb-mongosh amd64 2.4.2 [54.5 MB]
Get:3 https://repo.mongodb.org/apt/ubuntu jammy/mongodb-org/6.0/multiverse amd64 mongodb-org-shell amd64 6.0.21 [2,982 B]
Get:4 https://repo.mongodb.org/apt/ubuntu jammy/mongodb-org/6.0/multiverse amd64 mongodb-org-server amd64 6.0.21 [31.7 MB]
Get:5 https://repo.mongodb.org/apt/ubuntu jammy/mongodb-org/6.0/multiverse amd64 mongodb-org-mongos amd64 6.0.21 [22.6 MB]
Get:6 https://repo.mongodb.org/apt/ubuntu jammy/mongodb-org/6.0/multiverse amd64 mongodb-org-database-tools-extra amd64 6.0.21 [7,782 B]
Get:7 https://repo.mongodb.org/apt/ubuntu jammy/mongodb-org/6.0/multiverse amd64 mongodb-org-database amd64 6.0.21 [3,426 B]
Get:8 https://repo.mongodb.org/apt/ubuntu jammy/mongodb-org/6.0/multiverse amd64 mongodb-org-tools amd64 6.0.21 [2,772 B]
Get:9 https://repo.mongodb.org/apt/ubuntu jammy/mongodb-org/6.0/multiverse amd64 mongodb-org amd64 6.0.21 [2,806 B]
Fetched 168 MB in 5s (32.4 MB/s)        
Selecting previously unselected package mongodb-database-tools.
(Reading database ... 207793 files and directories currently installed.)
Preparing to unpack .../0-mongodb-database-tools_100.12.0_amd64.deb ...
Unpacking mongodb-database-tools (100.12.0) ...
Selecting previously unselected package mongodb-mongosh.
Preparing to unpack .../1-mongodb-mongosh_2.4.2_amd64.deb ...
Unpacking mongodb-mongosh (2.4.2) ...
Selecting previously unselected package mongodb-org-shell.
Preparing to unpack .../2-mongodb-org-shell_6.0.21_amd64.deb ...
Unpacking mongodb-org-shell (6.0.21) ...
Selecting previously unselected package mongodb-org-server.
Preparing to unpack .../3-mongodb-org-server_6.0.21_amd64.deb ...
Unpacking mongodb-org-server (6.0.21) ...
Selecting previously unselected package mongodb-org-mongos.
Preparing to unpack .../4-mongodb-org-mongos_6.0.21_amd64.deb ...
Unpacking mongodb-org-mongos (6.0.21) ...
Selecting previously unselected package mongodb-org-database-tools-extra.
Preparing to unpack .../5-mongodb-org-database-tools-extra_6.0.21_amd64.deb ...
Unpacking mongodb-org-database-tools-extra (6.0.21) ...
Selecting previously unselected package mongodb-org-database.
Preparing to unpack .../6-mongodb-org-database_6.0.21_amd64.deb ...
Unpacking mongodb-org-database (6.0.21) ...
Selecting previously unselected package mongodb-org-tools.
Preparing to unpack .../7-mongodb-org-tools_6.0.21_amd64.deb ...
Unpacking mongodb-org-tools (6.0.21) ...
Selecting previously unselected package mongodb-org.
Preparing to unpack .../8-mongodb-org_6.0.21_amd64.deb ...
Unpacking mongodb-org (6.0.21) ...
Setting up mongodb-mongosh (2.4.2) ...
Setting up mongodb-org-server (6.0.21) ...
Adding system user `mongodb' (UID 130) ...
Adding new user `mongodb' (UID 130) with group `nogroup' ...
Not creating home directory `/home/mongodb'.
Adding group `mongodb' (GID 138) ...
Done.
Adding user `mongodb' to group `mongodb' ...
Adding user mongodb to group mongodb
Done.
Setting up mongodb-org-shell (6.0.21) ...
Setting up mongodb-database-tools (100.12.0) ...
Setting up mongodb-org-mongos (6.0.21) ...
Setting up mongodb-org-database-tools-extra (6.0.21) ...
Setting up mongodb-org-database (6.0.21) ...
Setting up mongodb-org-tools (6.0.21) ...
Setting up mongodb-org (6.0.21) ...
Processing triggers for man-db (2.10.2-1) ...
mlm@mlm-OptiPlex-3020:~$ sudo systemctl start mongod
mlm@mlm-OptiPlex-3020:~$ sudo systemctl enable mongod
Created symlink /etc/systemd/system/multi-user.target.wants/mongod.service → /lib/systemd/system/mongod.service.
mlm@mlm-OptiPlex-3020:~$ sudo systemctl status mongod
● mongod.service - MongoDB Database Server
     Loaded: loaded (/lib/systemd/system/mongod.service; enabled; vendor preset>
     Active: active (running) since Tue 2025-04-08 13:59:58 IST; 41s ago
       Docs: https://docs.mongodb.org/manual
   Main PID: 4849 (mongod)
     Memory: 69.4M
        CPU: 951ms
     CGroup: /system.slice/mongod.service
             └─4849 /usr/bin/mongod --config /etc/mongod.conf

Apr 08 13:59:58 mlm-OptiPlex-3020 systemd[1]: Started MongoDB Database Server.
Apr 08 13:59:58 mlm-OptiPlex-3020 mongod[4849]: {"t":{"$date":"2025-04-08T08:29>
set mark: ...skipping...
● mongod.service - MongoDB Database Server
     Loaded: loaded (/lib/systemd/system/mongod.service; enabled; vendor preset>
     Active: active (running) since Tue 2025-04-08 13:59:58 IST; 41s ago
       Docs: https://docs.mongodb.org/manual
   Main PID: 4849 (mongod)
     Memory: 69.4M
        CPU: 951ms
     CGroup: /system.slice/mongod.service
             └─4849 /usr/bin/mongod --config /etc/mongod.conf

Apr 08 13:59:58 mlm-OptiPlex-3020 systemd[1]: Started MongoDB Database Server.
Apr 08 13:59:58 mlm-OptiPlex-3020 mongod[4849]: {"t":{"$date":"2025-04-08T08:29>
~
~
~
~
~
~
~
~
~
~
~
lines 1-12/12 (END)
mlm@mlm-OptiPlex-3020:~$ mongo
Command 'mongo' not found, did you mean:
  command 'mono' from deb mono-runtime (6.8.0.105+dfsg-3.2)
Try: sudo apt install <deb name>
mlm@mlm-OptiPlex-3020:~$ echo "deb https://repo.mongodb.org/apt/ubuntu focal/mongodb-org/6.0 multiverse"
deb https://repo.mongodb.org/apt/ubuntu focal/mongodb-org/6.0 multiverse
mlm@mlm-OptiPlex-3020:~$ wget -qO - https://www.mongodb.org/static/pgp/server-6.0.asc | sudo apt-key add -
[sudo] password for mlm: 
Warning: apt-key is deprecated. Manage keyring files in trusted.gpg.d instead (see apt-key(8)).
OK
mlm@mlm-OptiPlex-3020:~$ sudo apt update
Hit:1 http://security.ubuntu.com/ubuntu jammy-security InRelease    
Hit:2 http://in.archive.ubuntu.com/ubuntu jammy InRelease           
Hit:3 https://repo.mongodb.org/apt/ubuntu jammy/mongodb-org/6.0 InRelease
Hit:4 http://in.archive.ubuntu.com/ubuntu jammy-updates InRelease
Hit:5 http://in.archive.ubuntu.com/ubuntu jammy-backports InRelease
Reading package lists... Done
Building dependency tree... Done
Reading state information... Done
297 packages can be upgraded. Run 'apt list --upgradable' to see them.
W: https://repo.mongodb.org/apt/ubuntu/dists/jammy/mongodb-org/6.0/InRelease: Key is stored in legacy trusted.gpg keyring (/etc/apt/trusted.gpg), see the DEPRECATION section in apt-key(8) for details.
mlm@mlm-OptiPlex-3020:~$ sudo apt install -y mongodb-mongosh
Reading package lists... Done
Building dependency tree... Done
Reading state information... Done
mongodb-mongosh is already the newest version (2.4.2).
mongodb-mongosh set to manually installed.
0 upgraded, 0 newly installed, 0 to remove and 297 not upgraded.
mlm@mlm-OptiPlex-3020:~$ mongosh
Current Mongosh Log ID:	67f4e2c750d87b9cae6b140a
Connecting to:		mongodb://127.0.0.1:27017/?directConnection=true&serverSelectionTimeoutMS=2000&appName=mongosh+2.4.2
Using MongoDB:		6.0.21
Using Mongosh:		2.4.2

For mongosh info see: https://www.mongodb.com/docs/mongodb-shell/


To help improve our products, anonymous usage data is collected and sent to MongoDB periodically (https://www.mongodb.com/legal/privacy-policy).
You can opt-out by running the disableTelemetry() command.

------
   The server generated these startup warnings when booting
   2025-04-08T13:59:58.540+05:30: Using the XFS filesystem is strongly recommended with the WiredTiger storage engine. See http://dochub.mongodb.org/core/prodnotes-filesystem
   2025-04-08T13:59:59.187+05:30: Access control is not enabled for the database. Read and write access to data and configuration is unrestricted
   2025-04-08T13:59:59.187+05:30: vm.max_map_count is too low
------

test> use studentDB;
switched to db studentDB
studentDB> db.student.insertMany([
...     { rollno: 1, name: "John", department: "MCA", semester: 3, cgpa: 8.5 },
...     { rollno: 2, name: "Jane", department: "MCA", semester: 2, cgpa: 7.4 },
...     { rollno: 3, name: "Jim", department: "BCA", semester: 4, cgpa: 6.9 },
...     { rollno: 4, name: "Jack", department: "MCA", semester: 3, cgpa: 8.1 },
...     { rollno: 5, name: "Jill", department: "MCA", semester: 1, cgpa: 7.6 },
...     { rollno: 6, name: "Mike", department: "MCA", semester: 2, cgpa: 9.2 },
...     { rollno: 7, name: "Maya", department: "BBA", semester: 5, cgpa: 6.5 },
...     { rollno: 8, name: "Nina", department: "MCA", semester: 4, cgpa: 7.8 },
...     { rollno: 9, name: "Oscar", department: "MCA", semester: 3, cgpa: 8.9 }, 
...     { rollno: 10, name: "Paul", department: "BCA", semester: 4, cgpa: 7.3 }
... ]);
... 
... 
{
  acknowledged: true,
  insertedIds: {
    '0': ObjectId('67f4e95150d87b9cae6b140b'),
    '1': ObjectId('67f4e95150d87b9cae6b140c'),
    '2': ObjectId('67f4e95150d87b9cae6b140d'),
    '3': ObjectId('67f4e95150d87b9cae6b140e'),
    '4': ObjectId('67f4e95150d87b9cae6b140f'),
    '5': ObjectId('67f4e95150d87b9cae6b1410'),
    '6': ObjectId('67f4e95150d87b9cae6b1411'),
    '7': ObjectId('67f4e95150d87b9cae6b1412'),
    '8': ObjectId('67f4e95150d87b9cae6b1413'),
    '9': ObjectId('67f4e95150d87b9cae6b1414')
  }
}
studentDB> db.student.find({ department: "MCA" });
[
  {
    _id: ObjectId('67f4e95150d87b9cae6b140b'),
    rollno: 1,
    name: 'John',
    department: 'MCA',
    semester: 3,
    cgpa: 8.5
  },
  {
    _id: ObjectId('67f4e95150d87b9cae6b140c'),
    rollno: 2,
    name: 'Jane',
    department: 'MCA',
    semester: 2,
    cgpa: 7.4
  },
  {
    _id: ObjectId('67f4e95150d87b9cae6b140e'),
    rollno: 4,
    name: 'Jack',
    department: 'MCA',
    semester: 3,
    cgpa: 8.1
  },
  {
    _id: ObjectId('67f4e95150d87b9cae6b140f'),
    rollno: 5,
    name: 'Jill',
    department: 'MCA',
    semester: 1,
    cgpa: 7.6
  },
  {
    _id: ObjectId('67f4e95150d87b9cae6b1410'),
    rollno: 6,
    name: 'Mike',
    department: 'MCA',
    semester: 2,
    cgpa: 9.2
  },
  {
    _id: ObjectId('67f4e95150d87b9cae6b1412'),
    rollno: 8,
    name: 'Nina',
    department: 'MCA',
    semester: 4,
    cgpa: 7.8
  },
  {
    _id: ObjectId('67f4e95150d87b9cae6b1413'),
    rollno: 9,
    name: 'Oscar',
    department: 'MCA',
    semester: 3,
    cgpa: 8.9
  }
]
studentDB> db.student.updateMany(
...     { department: "MCA" },
...     { $set: { semester: 1 } }
... );db.student.updateMany(
...     { department: "MCA" },
...     { $set: { semester: 1 } }
... );
{
  acknowledged: true,
  insertedId: null,
  matchedCount: 7,
  modifiedCount: 0,
  upsertedCount: 0
}
studentDB> 

studentDB> db.student.updateMany(
...     { department: "MCA" },
...     { $set: { semester: 1 } }
... );
{
  acknowledged: true,
  insertedId: null,
  matchedCount: 7,
  modifiedCount: 0,
  upsertedCount: 0
}
studentDB> db.student.find().pretty();
[
  {
    _id: ObjectId('67f4e95150d87b9cae6b140b'),
    rollno: 1,
    name: 'John',
    department: 'MCA',
    semester: 1,
    cgpa: 8.5
  },
  {
    _id: ObjectId('67f4e95150d87b9cae6b140c'),
    rollno: 2,
    name: 'Jane',
    department: 'MCA',
    semester: 1,
    cgpa: 7.4
  },
  {
    _id: ObjectId('67f4e95150d87b9cae6b140d'),
    rollno: 3,
    name: 'Jim',
    department: 'BCA',
    semester: 4,
    cgpa: 6.9
  },
  {
    _id: ObjectId('67f4e95150d87b9cae6b140e'),
    rollno: 4,
    name: 'Jack',
    department: 'MCA',
    semester: 1,
    cgpa: 8.1
  },
  {
    _id: ObjectId('67f4e95150d87b9cae6b140f'),
    rollno: 5,
    name: 'Jill',
    department: 'MCA',
    semester: 1,
    cgpa: 7.6
  },
  {
    _id: ObjectId('67f4e95150d87b9cae6b1410'),
    rollno: 6,
    name: 'Mike',
    department: 'MCA',
    semester: 1,
    cgpa: 9.2
  },
  {
    _id: ObjectId('67f4e95150d87b9cae6b1411'),
    rollno: 7,
    name: 'Maya',
    department: 'BBA',
    semester: 5,
    cgpa: 6.5
  },
  {
    _id: ObjectId('67f4e95150d87b9cae6b1412'),
    rollno: 8,
    name: 'Nina',
    department: 'MCA',
    semester: 1,
    cgpa: 7.8
  },
  {
    _id: ObjectId('67f4e95150d87b9cae6b1413'),
    rollno: 9,
    name: 'Oscar',
    department: 'MCA',
    semester: 1,
    cgpa: 8.9
  },
  {
    _id: ObjectId('67f4e95150d87b9cae6b1414'),
    rollno: 10,
    name: 'Paul',
    department: 'BCA',
    semester: 4,
    cgpa: 7.3
  }
]
studentDB>

inventory> db.products.insertMany([
...     {
...         "_id" : 1,
...         "name" : "Phone",
...         "price" : 799,
...         "releaseDate" : ISODate("2011-05-24"),
...         "spec" : {
...             "ram" : 4,
...             "screen" : 6.5,
...             "cpu" : 2.66
...         },
...         "color" : ["white", "black"],
...         "storage" : [64, 128, 256]
...     },
...     {
...         "_id" : 2,
...         "name" : "Tablet",
...         "price" : 799,
...         "releaseDate" : ISODate("2011-09-01"),
...         "spec" : {
...             "ram" : 16,
...             "screen" : 9.5,
...             "cpu" : 3.66
...         },
...         "color" : ["white", "black", "purple"],
...         "storage" : [128, 256, 512]
...     },
...     {
...         "_id" : 3,
...         "name" : "SmartPhone",
...         "price" : 899,
...         "releaseDate" : ISODate("2022-01-14"),
...         "spec" : {
...             "ram" : 12,
...             "screen" : 9.7,
...             "cpu" : 1.66
...         },
...         "color" : ["blue"],
...         "storage" : [16, 64, 128]
...     }
... ]);
{ acknowledged: true, insertedIds: { '0': 1, '1': 2, '2': 3 } }
inventory>
[4/8, 3:12 PM] Manjima: inventory> db.products.find()
[
  {
    _id: 1,
    name: 'Phone',
    price: 799,
    releaseDate: ISODate('2011-05-24T00:00:00.000Z'),
    spec: { ram: 4, screen: 6.5, cpu: 2.66 },
    color: [ 'white', 'black' ],
    storage: [ 64, 128, 256 ]
  },
  {
    _id: 2,
    name: 'Tablet',
    price: 799,
    releaseDate: ISODate('2011-09-01T00:00:00.000Z'),
    spec: { ram: 16, screen: 9.5, cpu: 3.66 },
    color: [ 'white', 'black', 'purple' ],
    storage: [ 128, 256, 512 ]
  },
  {
    _id: 3,
    name: 'SmartPhone',
    price: 899,
    releaseDate: ISODate('2022-01-14T00:00:00.000Z'),
    spec: { ram: 12, screen: 9.7, cpu: 1.66 },
    color: [ 'blue' ],
    storage: [ 16, 64, 128 ]
  }
]
[4/8, 3:14 PM] Manjima: inventory> db.products.find({_id:3})
[
  {
    _id: 3,
    name: 'SmartPhone',
    price: 899,
    releaseDate: ISODate('2022-01-14T00:00:00.000Z'),
    spec: { ram: 12, screen: 9.7, cpu: 1.66 },
    color: [ 'blue' ],
    storage: [ 16, 64, 128 ]
  }
]
[4/8, 3:15 PM] Manjima: inventory> db.products.findOne()
{
  _id: 1,
  name: 'Phone',
  price: 799,
  releaseDate: ISODate('2011-05-24T00:00:00.000Z'),
  spec: { ram: 4, screen: 6.5, cpu: 2.66 },
  color: [ 'white', 'black' ],
  storage: [ 64, 128, 256 ]
}
[4/8, 3:16 PM] Manjima: inventory> db.products.find({_id:2},{name:1,price:1})
[ { _id: 2, name: 'Tablet', price: 799 } ]
[4/8, 3:18 PM] Manjima: inventory> db.products.find({price: {$eq: 799}})
[
  {
    _id: 1,
    name: 'Phone',
    price: 799,
    releaseDate: ISODate('2011-05-24T00:00:00.000Z'),
    spec: { ram: 4, screen: 6.5, cpu: 2.66 },
    color: [ 'white', 'black' ],
    storage: [ 64, 128, 256 ]
  },
  {
    _id: 2,
    name: 'Tablet',
    price: 799,
    releaseDate: ISODate('2011-09-01T00:00:00.000Z'),
    spec: { ram: 16, screen: 9.5, cpu: 3.66 },
    color: [ 'white', 'black', 'purple' ],
    storage: [ 128, 256, 512 ]
  }
]
[4/8, 3:19 PM] Manjima: inventory> db.products.deleteOne({_id: 1})
{ acknowledged: true, deletedCount: 1 }
[4/8, 3:19 PM] Manjima: inventory> db.products.find()
[
  {
    _id: 2,
    name: 'Tablet',
    price: 799,
    releaseDate: ISODate('2011-09-01T00:00:00.000Z'),
    spec: { ram: 16, screen: 9.5, cpu: 3.66 },
    color: [ 'white', 'black', 'purple' ],
    storage: [ 128, 256, 512 ]
  },
  {
    _id: 3,
    name: 'SmartPhone',
    price: 899,
    releaseDate: ISODate('2022-01-14T00:00:00.000Z'),
    spec: { ram: 12, screen: 9.7, cpu: 1.66 },
    color: [ 'blue' ],
    storage: [ 16, 64, 128 ]
  }
]
